// Jest Snapshot v1, https://goo.gl/fbAQLP

exports[`EditProfile component renders without crashing 1`] = `
<section
  className="hero"
>
  <div
    className="hero-content"
  >
    <h1
      className="hero-title"
    >
      JOBS FROM TOP TECH COMPANIES
    </h1>
    <h2
      className="hero-subtitle"
    >
      Silicon Valley CTOs will teach you how to work with companies in the Silicon Valley and beyond
    </h2>
    <button
      className="hero-button"
      type="button"
    >
      APPLY
    </button>
  </div>
</section>
`;
